# Results summary

Pre-training: final held-out MLM loss 4.349 (ppl 77), masked-token acc 29.1% after 5000 steps, 13.1 min.


## SST-2 test accuracy (%)
| model                         | 100          | 300          | 1000         | 3000         | 6920         |
|:------------------------------|:-------------|:-------------|:-------------|:-------------|:-------------|
| TF-IDF + LogReg               | 57.9$\pm$1.7 | 63.2$\pm$1.7 | 70.5$\pm$0.7 | 77.5$\pm$1.0 | 81.3$\pm$0.0 |
| TF-IDF + NaiveBayes           | 58.6$\pm$1.6 | 64.5$\pm$0.4 | 71.6$\pm$0.7 | 78.6$\pm$0.8 | 81.9$\pm$0.0 |
| Tiny-BERT (random init)       | 57.0$\pm$0.7 | 63.2$\pm$0.5 | 68.2$\pm$1.3 | 75.2$\pm$0.3 | 78.5$\pm$0.9 |
| Tiny-BERT (+MLM pre-training) | 56.8$\pm$0.7 | 58.7$\pm$3.8 | 65.7$\pm$0.9 | 72.9$\pm$0.1 | 77.5$\pm$1.1 |

## Robustness, n=1000
| model                         | clean        | typos 10%    | typos 30%    | word-drop 20%   | word-drop 40%   | OOD IMDb     |
|:------------------------------|:-------------|:-------------|:-------------|:----------------|:----------------|:-------------|
| TF-IDF + LogReg               | 70.5$\pm$0.7 | 69.7$\pm$0.4 | 68.4$\pm$1.5 | 69.3$\pm$1.0    | 67.2$\pm$1.1    | 67.9$\pm$1.3 |
| TF-IDF + NaiveBayes           | 71.6$\pm$0.7 | 70.7$\pm$1.3 | 69.1$\pm$0.1 | 70.7$\pm$1.2    | 68.7$\pm$0.5    | 69.7$\pm$2.0 |
| Tiny-BERT (random init)       | 68.2$\pm$1.3 | 67.0$\pm$1.0 | 64.6$\pm$0.3 | 67.2$\pm$1.5    | 64.8$\pm$1.7    | 58.6$\pm$4.2 |
| Tiny-BERT (+MLM pre-training) | 65.7$\pm$0.9 | 64.0$\pm$1.2 | 60.9$\pm$1.2 | 64.7$\pm$0.9    | 62.1$\pm$1.0    | 55.5$\pm$0.7 |

## Robustness, n=6920
| model                         | clean        | typos 10%    | typos 30%    | word-drop 20%   | word-drop 40%   | OOD IMDb     |
|:------------------------------|:-------------|:-------------|:-------------|:----------------|:----------------|:-------------|
| TF-IDF + LogReg               | 81.3$\pm$0.0 | 80.0$\pm$0.0 | 77.5$\pm$0.0 | 77.9$\pm$0.0    | 75.7$\pm$0.0    | 72.5$\pm$0.0 |
| TF-IDF + NaiveBayes           | 81.9$\pm$0.0 | 80.9$\pm$0.0 | 79.1$\pm$0.0 | 79.0$\pm$0.0    | 75.6$\pm$0.0    | 75.5$\pm$0.0 |
| Tiny-BERT (random init)       | 78.5$\pm$0.9 | 76.5$\pm$0.9 | 73.6$\pm$0.7 | 76.9$\pm$0.4    | 72.9$\pm$0.4    | 68.1$\pm$0.7 |
| Tiny-BERT (+MLM pre-training) | 77.5$\pm$1.1 | 75.2$\pm$1.7 | 70.6$\pm$1.9 | 76.8$\pm$1.3    | 71.6$\pm$0.7    | 63.7$\pm$1.4 |

## Accuracy change vs clean (pp), full data
| model                         |   typos 10% |   typos 30% |   word-drop 20% |   word-drop 40% |
|:------------------------------|------------:|------------:|----------------:|----------------:|
| TF-IDF + LogReg               |        -1.4 |        -3.8 |            -3.4 |            -5.6 |
| TF-IDF + NaiveBayes           |        -1   |        -2.9 |            -2.9 |            -6.3 |
| Tiny-BERT (random init)       |        -2   |        -4.9 |            -1.6 |            -5.6 |
| Tiny-BERT (+MLM pre-training) |        -2.3 |        -6.9 |            -0.7 |            -5.9 |

## LR pilot (dev acc %)
| model                         |    n |   0.0002 |   0.0005 |   0.001 |   0.002 |   0.004 |
|:------------------------------|-----:|---------:|---------:|--------:|--------:|--------:|
| Tiny-BERT (random init)       |  300 |     63.3 |     63.5 |    63.3 |    62.3 |    63   |
| Tiny-BERT (random init)       | 3000 |     76.3 |     74.7 |    74.3 |    72.8 |    70.5 |
| Tiny-BERT (+MLM pre-training) |  300 |     63   |     62   |    61.6 |    62   |    59.2 |
| Tiny-BERT (+MLM pre-training) | 3000 |     74.2 |     74.8 |    74.8 |    71.7 |    62.6 |

## Pre-training steps ablation
|   steps | probe        | finetune     | imdb         |
|--------:|:-------------|:-------------|:-------------|
|       0 | 56.4$\pm$0.7 | 69.7$\pm$0.7 | 58.5$\pm$4.5 |
|     100 | 56.9$\pm$1.2 | 69.3$\pm$0.7 | 56.6$\pm$4.8 |
|     300 | 56.0$\pm$0.9 | 67.6$\pm$1.3 | 56.8$\pm$4.7 |
|    1000 | 58.4$\pm$0.2 | 64.2$\pm$2.5 | 59.0$\pm$2.9 |
|    2500 | 59.3$\pm$1.3 | 66.2$\pm$1.1 | 59.7$\pm$3.8 |
|    5000 | 59.4$\pm$1.1 | 65.7$\pm$0.9 | 55.5$\pm$0.7 |

## Efficiency
| model                     |   params M |   size MB |   lat ms |   p95 ms |   sent/s |   acc |   acc typo30 |
|:--------------------------|-----------:|----------:|---------:|---------:|---------:|------:|-------------:|
| Tiny-BERT scratch, FP32   |       1.17 |      4.71 |     1.03 |     1.18 |     4914 |  78.3 |         73.1 |
| Tiny-BERT +MLM, FP32      |       1.17 |      4.71 |     1.02 |     1.18 |     5073 |  76.1 |         68   |
| Tiny-BERT +MLM, INT8 dyn. |       1.17 |      3.54 |     1.71 |     1.99 |     3196 |  75.9 |         68   |
| TF-IDF + LogReg           |       0.08 |      2.72 |     0.31 |     0.34 |    48388 |  81.3 |         77.5 |

## Paired bootstrap (accuracy difference, pp, 95% CI)
| A                             | B                       | 100               | 300                   | 1000                  | 3000                  | 6920                  |
|:------------------------------|:------------------------|:------------------|:----------------------|:----------------------|:----------------------|:----------------------|
| Tiny-BERT (+MLM pre-training) | Tiny-BERT (random init) | -0.3 [-2.1, +1.4] | -4.5 [-6.3, -2.8]$^*$ | -2.5 [-4.2, -1.0]$^*$ | -2.3 [-4.0, -0.8]$^*$ | -1.0 [-2.6, +0.5]     |
| Tiny-BERT (+MLM pre-training) | TF-IDF + LogReg         | -1.1 [-3.1, +0.8] | -4.4 [-6.2, -2.6]$^*$ | -4.8 [-6.7, -2.9]$^*$ | -4.6 [-6.4, -2.7]$^*$ | -3.9 [-5.8, -1.9]$^*$ |
| Tiny-BERT (random init)       | TF-IDF + LogReg         | -0.9 [-2.4, +0.5] | +0.1 [-1.4, +1.5]     | -2.3 [-3.7, -0.8]$^*$ | -2.2 [-3.8, -0.7]$^*$ | -2.8 [-4.5, -1.0]$^*$ |

## Public HF checkpoints
| model                      |   params M |    n | clean        | typo30       | drop20       | imdb         |
|:---------------------------|-----------:|-----:|:-------------|:-------------|:-------------|:-------------|
| bert_uncased_L-2_H-128_A-2 |        4.4 | 1000 | 75.0$\pm$2.0 | 70.3$\pm$0.6 | 72.4$\pm$1.9 | 68.3$\pm$0.6 |
| bert_uncased_L-2_H-128_A-2 |        4.4 | 6920 | 81.7$\pm$0.0 | 74.6$\pm$0.5 | 78.9$\pm$0.2 | 69.1$\pm$1.4 |
| distilbert-base-uncased    |       66.4 | 1000 | 86.5$\pm$0.9 | 80.5$\pm$0.6 | 82.4$\pm$1.6 | 69.0$\pm$6.3 |
| distilbert-base-uncased    |       66.4 | 6920 | 90.4$\pm$0.2 | 83.9$\pm$0.3 | 85.5$\pm$0.1 | 72.8$\pm$1.6 |
