[families] trained word2vec + fastText on 1.19M tokens in 53s
[family] vader_lexicon    n=  100 seed=0 test=0.6941 typo30=0.6639 imdb=0.5975
[family] tfidf_svm        n=  100 seed=0 test=0.5854 typo30=0.5684 imdb=0.5400
[family] tfidf_char_lr    n=  100 seed=0 test=0.5887 typo30=0.5777 imdb=0.5425
[family] w2v_avg_lr       n=  100 seed=0 test=0.5964 typo30=0.6030 imdb=0.5200
[family] fasttext_avg_lr  n=  100 seed=0 test=0.5805 typo30=0.5788 imdb=0.4725
[family] vader_lexicon    n=  100 seed=1 test=0.6941 typo30=0.6639 imdb=0.5975
[family] tfidf_svm        n=  100 seed=1 test=0.5574 typo30=0.5481 imdb=0.5450
[family] tfidf_char_lr    n=  100 seed=1 test=0.5667 typo30=0.5755 imdb=0.5150
[family] w2v_avg_lr       n=  100 seed=1 test=0.5942 typo30=0.5826 imdb=0.5425
[family] fasttext_avg_lr  n=  100 seed=1 test=0.5958 typo30=0.5920 imdb=0.5125
[family] vader_lexicon    n=  100 seed=2 test=0.6941 typo30=0.6639 imdb=0.5975
[family] tfidf_svm        n=  100 seed=2 test=0.5975 typo30=0.5931 imdb=0.5725
[family] tfidf_char_lr    n=  100 seed=2 test=0.6030 typo30=0.5997 imdb=0.5500
[family] w2v_avg_lr       n=  100 seed=2 test=0.6233 typo30=0.6178 imdb=0.6050
[family] fasttext_avg_lr  n=  100 seed=2 test=0.6310 typo30=0.6205 imdb=0.5925
[family] vader_lexicon    n=  300 seed=0 test=0.6941 typo30=0.6639 imdb=0.5975
[family] tfidf_svm        n=  300 seed=0 test=0.6381 typo30=0.6310 imdb=0.6125
[family] tfidf_char_lr    n=  300 seed=0 test=0.6579 typo30=0.6496 imdb=0.5975
[family] w2v_avg_lr       n=  300 seed=0 test=0.6227 typo30=0.6090 imdb=0.6175
[family] fasttext_avg_lr  n=  300 seed=0 test=0.6579 typo30=0.6392 imdb=0.6150
[family] vader_lexicon    n=  300 seed=1 test=0.6941 typo30=0.6639 imdb=0.5975
[family] tfidf_svm        n=  300 seed=1 test=0.6183 typo30=0.5909 imdb=0.5650
[family] tfidf_char_lr    n=  300 seed=1 test=0.6409 typo30=0.6299 imdb=0.5850
[family] w2v_avg_lr       n=  300 seed=1 test=0.6365 typo30=0.6172 imdb=0.6050
[family] fasttext_avg_lr  n=  300 seed=1 test=0.6452 typo30=0.6315 imdb=0.6025
[family] vader_lexicon    n=  300 seed=2 test=0.6941 typo30=0.6639 imdb=0.5975
[family] tfidf_svm        n=  300 seed=2 test=0.6474 typo30=0.6337 imdb=0.6075
[family] tfidf_char_lr    n=  300 seed=2 test=0.6535 typo30=0.6337 imdb=0.6150
[family] w2v_avg_lr       n=  300 seed=2 test=0.6711 typo30=0.6463 imdb=0.6325
[family] fasttext_avg_lr  n=  300 seed=2 test=0.6875 typo30=0.6705 imdb=0.6175
[family] vader_lexicon    n= 1000 seed=0 test=0.6941 typo30=0.6639 imdb=0.5975
[family] tfidf_svm        n= 1000 seed=0 test=0.7144 typo30=0.7040 imdb=0.7075
[family] tfidf_char_lr    n= 1000 seed=0 test=0.7238 typo30=0.7122 imdb=0.6575
[family] w2v_avg_lr       n= 1000 seed=0 test=0.6766 typo30=0.6540 imdb=0.6550
[family] fasttext_avg_lr  n= 1000 seed=0 test=0.6996 typo30=0.6716 imdb=0.6450
[family] vader_lexicon    n= 1000 seed=1 test=0.6941 typo30=0.6639 imdb=0.5975
[family] tfidf_svm        n= 1000 seed=1 test=0.6991 typo30=0.6628 imdb=0.6775
[family] tfidf_char_lr    n= 1000 seed=1 test=0.7079 typo30=0.6897 imdb=0.6350
[family] w2v_avg_lr       n= 1000 seed=1 test=0.6683 typo30=0.6546 imdb=0.6350
[family] fasttext_avg_lr  n= 1000 seed=1 test=0.6963 typo30=0.6733 imdb=0.6175
[family] vader_lexicon    n= 1000 seed=2 test=0.6941 typo30=0.6639 imdb=0.5975
[family] tfidf_svm        n= 1000 seed=2 test=0.7029 typo30=0.6826 imdb=0.6775
[family] tfidf_char_lr    n= 1000 seed=2 test=0.7265 typo30=0.6936 imdb=0.6775
[family] w2v_avg_lr       n= 1000 seed=2 test=0.6716 typo30=0.6612 imdb=0.6250
[family] fasttext_avg_lr  n= 1000 seed=2 test=0.7095 typo30=0.7002 imdb=0.6300
[family] vader_lexicon    n= 3000 seed=0 test=0.6941 typo30=0.6639 imdb=0.5975
[family] tfidf_svm        n= 3000 seed=0 test=0.7847 typo30=0.7573 imdb=0.7425
[family] tfidf_char_lr    n= 3000 seed=0 test=0.7842 typo30=0.7721 imdb=0.6875
[family] w2v_avg_lr       n= 3000 seed=0 test=0.6870 typo30=0.6744 imdb=0.6575
[family] fasttext_avg_lr  n= 3000 seed=0 test=0.7057 typo30=0.6914 imdb=0.6600
[family] vader_lexicon    n= 3000 seed=1 test=0.6941 typo30=0.6639 imdb=0.5975
[family] tfidf_svm        n= 3000 seed=1 test=0.7617 typo30=0.7364 imdb=0.7500
[family] tfidf_char_lr    n= 3000 seed=1 test=0.7809 typo30=0.7600 imdb=0.7150
[family] w2v_avg_lr       n= 3000 seed=1 test=0.6793 typo30=0.6689 imdb=0.6675
[family] fasttext_avg_lr  n= 3000 seed=1 test=0.7057 typo30=0.6897 imdb=0.6625
[family] vader_lexicon    n= 3000 seed=2 test=0.6941 typo30=0.6639 imdb=0.5975
[family] tfidf_svm        n= 3000 seed=2 test=0.7820 typo30=0.7468 imdb=0.6975
[family] tfidf_char_lr    n= 3000 seed=2 test=0.7891 typo30=0.7666 imdb=0.7050
[family] w2v_avg_lr       n= 3000 seed=2 test=0.6930 typo30=0.6727 imdb=0.6550
[family] fasttext_avg_lr  n= 3000 seed=2 test=0.7084 typo30=0.6941 imdb=0.6475
[family] vader_lexicon    n= 6920 seed=0 test=0.6941 typo30=0.6639 imdb=0.5975
[family] tfidf_svm        n= 6920 seed=0 test=0.8045 typo30=0.7716 imdb=0.7325
[family] tfidf_char_lr    n= 6920 seed=0 test=0.8155 typo30=0.7875 imdb=0.7075
[family] w2v_avg_lr       n= 6920 seed=0 test=0.6859 typo30=0.6776 imdb=0.6700
[family] fasttext_avg_lr  n= 6920 seed=0 test=0.7117 typo30=0.6958 imdb=0.6625
[family] vader_lexicon    n= 6920 seed=1 test=0.6941 typo30=0.6639 imdb=0.5975
[family] tfidf_svm        n= 6920 seed=1 test=0.8045 typo30=0.7716 imdb=0.7325
[family] tfidf_char_lr    n= 6920 seed=1 test=0.8155 typo30=0.7875 imdb=0.7075
[family] w2v_avg_lr       n= 6920 seed=1 test=0.6859 typo30=0.6776 imdb=0.6700
[family] fasttext_avg_lr  n= 6920 seed=1 test=0.7117 typo30=0.6958 imdb=0.6625
[family] vader_lexicon    n= 6920 seed=2 test=0.6941 typo30=0.6639 imdb=0.5975
[family] tfidf_svm        n= 6920 seed=2 test=0.8045 typo30=0.7716 imdb=0.7325
[family] tfidf_char_lr    n= 6920 seed=2 test=0.8155 typo30=0.7875 imdb=0.7075
[family] w2v_avg_lr       n= 6920 seed=2 test=0.6859 typo30=0.6776 imdb=0.6700
[family] fasttext_avg_lr  n= 6920 seed=2 test=0.7117 typo30=0.6958 imdb=0.6625
